****************************************
Report : timing
	-path_type full
	-delay_type min
	-slack_lesser_than 1000.0000000000
	-max_paths 1000
	-start_end_type reg_to_reg
	-sort_by slack
Design : simple
Version: U-2022.12-SP3
Date   : Tue Feb  3 16:32:04 2026
****************************************


  Startpoint: f1 (rising edge-triggered flip-flop clocked by clk)
  Endpoint: f2 (rising edge-triggered flip-flop clocked by clk)
  Last common pin: clk
  Path Group: clk
  Path Type: min

  Point                                    Incr       Path
  ---------------------------------------------------------------
  clock clk (rise edge)                0.0000000000
                                                  0.0000000000
  clock network delay (propagated)     0.0000010110
                                                  0.0000010110
  f1/CK (DFFQX1H7L)                    0.0000000000
                                                  0.0000010110 r
  f1/Q (DFFQX1H7L)                     0.0616872609 &
                                                  0.0616882704 f
  u2/Y (INVX0P5H7L)                    0.0186682120 &
                                                  0.0803564861 r
  u3/Y (INVX0P5H7L)                    0.0127038509 &
                                                  0.0930603370 f
  f2/D (DFFQX1H7L)                     0.0000000075 &
                                                  0.0930603445 f
  data arrival time                               0.0930603445

  clock clk (rise edge)                0.0000000000
                                                  0.0000000000
  clock network delay (propagated)     0.0000010139
                                                  0.0000010139
  clock reconvergence pessimism        0.0000000000
                                                  0.0000010139
  f2/CK (DFFQX1H7L)                               0.0000010139 r
  library hold time                    -0.0085453093
                                                  -0.0085442951
  data required time                              -0.0085442951
  ---------------------------------------------------------------
  data required time                              -0.0085442951
  data arrival time                               -0.0930603445
  ---------------------------------------------------------------
  slack (MET)                                     0.1016046405


  Startpoint: f1 (rising edge-triggered flip-flop clocked by clk)
  Endpoint: f1 (rising edge-triggered flip-flop clocked by clk)
  Last common pin: clk
  Path Group: clk
  Path Type: min

  Point                                    Incr       Path
  ---------------------------------------------------------------
  clock clk (rise edge)                0.0000000000
                                                  0.0000000000
  clock network delay (propagated)     0.0000010110
                                                  0.0000010110
  f1/CK (DFFQX1H7L)                    0.0000000000
                                                  0.0000010110 r
  f1/Q (DFFQX1H7L)                     0.0828339607 &
                                                  0.0828349739 r
  u4/Y (NOR2X0P5H7L)                   0.0150300488 &
                                                  0.0978650227 f
  f1/D (DFFQX1H7L)                     0.0000000075 &
                                                  0.0978650302 f
  data arrival time                               0.0978650302

  clock clk (rise edge)                0.0000000000
                                                  0.0000000000
  clock network delay (propagated)     0.0000010139
                                                  0.0000010139
  clock reconvergence pessimism        0.0000000000
                                                  0.0000010139
  f1/CK (DFFQX1H7L)                               0.0000010139 r
  library hold time                    -0.0083194878
                                                  -0.0083184736
  data required time                              -0.0083184736
  ---------------------------------------------------------------
  data required time                              -0.0083184736
  data arrival time                               -0.0978650302
  ---------------------------------------------------------------
  slack (MET)                                     0.1061834991


1
