****************************************
Report : timing
	-path_type full
	-delay_type min
	-slack_lesser_than 1000.0000000000
	-max_paths 1000
	-start_end_type reg_to_out
	-sort_by slack
Design : simple
Version: U-2022.12-SP3
Date   : Tue Feb  3 16:32:04 2026
****************************************


  Startpoint: f2 (rising edge-triggered flip-flop clocked by clk)
  Endpoint: out (output port clocked by clk)
  Path Group: clk
  Path Type: min

  Point                                    Incr       Path
  ---------------------------------------------------------------
  clock clk (rise edge)                0.0000000000
                                                  0.0000000000
  clock network delay (propagated)     0.0000010110
                                                  0.0000010110
  f2/CK (DFFQX1H7L)                    0.0000000000
                                                  0.0000010110 r
  f2/Q (DFFQX1H7L)                     0.0576797873 &
                                                  0.0576807968 f
  u5/Y (INVX0P5H7L)                    0.0173568875 &
                                                  0.0750376880 r
  u6/Y (INVX0P5H7L)                    0.0080656782 &
                                                  0.0831033662 f
  out (out)                            0.0000000000 &
                                                  0.0831033662 f
  data arrival time                               0.0831033662

  clock clk (rise edge)                0.0000000000
                                                  0.0000000000
  clock network delay (propagated)     0.0000000000
                                                  0.0000000000
  clock reconvergence pessimism        0.0000000000
                                                  0.0000000000
  output external delay                0.0000000000
                                                  0.0000000000
  data required time                              0.0000000000
  ---------------------------------------------------------------
  data required time                              0.0000000000
  data arrival time                               -0.0831033662
  ---------------------------------------------------------------
  slack (MET)                                     0.0831033662


1
