****************************************
Report : timing
	-path_type full
	-delay_type min
	-slack_lesser_than 1000.0000000000
	-max_paths 1000
	-start_end_type in_to_reg
	-sort_by slack
Design : simple
Version: U-2022.12-SP3
Date   : Tue Feb  3 16:32:04 2026
****************************************


  Startpoint: inp2 (input port clocked by clk)
  Endpoint: f1 (rising edge-triggered flip-flop clocked by clk)
  Path Group: clk
  Path Type: min

  Point                                    Incr       Path
  ---------------------------------------------------------------
  clock clk (rise edge)                0.0000000000
                                                  0.0000000000
  clock network delay (propagated)     0.0000000000
                                                  0.0000000000
  input external delay                 0.0000000000
                                                  0.0000000000 f
  inp2 (in)                            0.0000000037 &
                                                  0.0000000037 f
  u1/Y (NAND2BX0P5H7L)                 0.0122827999 &
                                                  0.0122828037 r
  u4/Y (NOR2X0P5H7L)                   0.0131806117 &
                                                  0.0254634153 f
  f1/D (DFFQX1H7L)                     0.0000000056 &
                                                  0.0254634209 f
  data arrival time                               0.0254634209

  clock clk (rise edge)                0.0000000000
                                                  0.0000000000
  clock network delay (propagated)     0.0000010139
                                                  0.0000010139
  clock reconvergence pessimism        0.0000000000
                                                  0.0000010139
  f1/CK (DFFQX1H7L)                               0.0000010139 r
  library hold time                    -0.0083194878
                                                  -0.0083184736
  data required time                              -0.0083184736
  ---------------------------------------------------------------
  data required time                              -0.0083184736
  data arrival time                               -0.0254634209
  ---------------------------------------------------------------
  slack (MET)                                     0.0337818936


1
