****************************************
Report : timing
	-path_type full
	-delay_type max
	-slack_lesser_than 1000.0000000000
	-max_paths 1000
	-start_end_type in_to_reg
	-sort_by slack
Design : simple
Version: U-2022.12-SP3
Date   : Tue Feb  3 16:32:04 2026
****************************************


  Startpoint: inp1 (input port clocked by clk)
  Endpoint: f1 (rising edge-triggered flip-flop clocked by clk)
  Path Group: clk
  Path Type: max

  Point                                    Incr       Path
  ---------------------------------------------------------------
  clock clk (rise edge)                0.0000000000
                                                  0.0000000000
  clock network delay (propagated)     0.0000000000
                                                  0.0000000000
  input external delay                 0.0000000000
                                                  0.0000000000 f
  inp1 (in)                            0.0000000075 &
                                                  0.0000000075 f
  u1/Y (NAND2BX0P5H7L)                 0.0312424116 &
                                                  0.0312424190 f
  u4/Y (NOR2X0P5H7L)                   0.0333210565 &
                                                  0.0645634755 r
  f1/D (DFFQX1H7L)                     0.0000000075 &
                                                  0.0645634830 r
  data arrival time                               0.0645634830

  clock clk (rise edge)                10.0000000000
                                                  10.0000000000
  clock network delay (propagated)     0.0000010110
                                                  10.0000009537
  clock reconvergence pessimism        0.0000000000
                                                  10.0000009537
  f1/CK (DFFQX1H7L)                               10.0000009537 r
  library setup time                   -0.0272283349
                                                  9.9727725983
  data required time                              9.9727725983
  ---------------------------------------------------------------
  data required time                              9.9727725983
  data arrival time                               -0.0645634830
  ---------------------------------------------------------------
  slack (MET)                                     9.9082088470


1
