****************************************
Report : timing
	-path_type full
	-delay_type max
	-slack_lesser_than 1000.00
	-max_paths 1000
	-sort_by slack
Design : simple
Version: U-2022.12-SP3
Date   : Sun Feb  1 21:41:01 2026
****************************************


  Startpoint: f1 (rising edge-triggered flip-flop clocked by clk)
  Endpoint: f2 (rising edge-triggered flip-flop clocked by clk)
  Last common pin: clk
  Path Group: clk
  Path Type: max

  Point                                    Incr       Path
  ---------------------------------------------------------------
  clock clk (rise edge)                    0.00       0.00
  clock network delay (propagated)         0.00       0.00
  f1/CK (DFFQX1H7L)                        0.00       0.00 r
  f1/Q (DFFQX1H7L)                         0.09 &     0.09 r
  u2/Y (INVX0P5H7L)                        0.02 &     0.10 f
  u3/Y (INVX0P5H7L)                        0.02 &     0.12 r
  f2/D (DFFQX1H7L)                         0.00 &     0.12 r
  data arrival time                                   0.12

  clock clk (rise edge)                   10.00      10.00
  clock network delay (propagated)         0.00      10.00
  clock reconvergence pessimism            0.00      10.00
  f2/CK (DFFQX1H7L)                                  10.00 r
  library setup time                      -0.02       9.98
  data required time                                  9.98
  ---------------------------------------------------------------
  data required time                                  9.98
  data arrival time                                  -0.12
  ---------------------------------------------------------------
  slack (MET)                                         9.86


  Startpoint: f1 (rising edge-triggered flip-flop clocked by clk)
  Endpoint: f1 (rising edge-triggered flip-flop clocked by clk)
  Last common pin: clk
  Path Group: clk
  Path Type: max

  Point                                    Incr       Path
  ---------------------------------------------------------------
  clock clk (rise edge)                    0.00       0.00
  clock network delay (propagated)         0.00       0.00
  f1/CK (DFFQX1H7L)                        0.00       0.00 r
  f1/Q (DFFQX1H7L)                         0.09 &     0.09 r
  u4/Y (NOR2X0P5H7L)                       0.02 &     0.10 f
  f1/D (DFFQX1H7L)                         0.00 &     0.10 f
  data arrival time                                   0.10

  clock clk (rise edge)                   10.00      10.00
  clock network delay (propagated)         0.00      10.00
  clock reconvergence pessimism            0.00      10.00
  f1/CK (DFFQX1H7L)                                  10.00 r
  library setup time                      -0.04       9.96
  data required time                                  9.96
  ---------------------------------------------------------------
  data required time                                  9.96
  data arrival time                                  -0.10
  ---------------------------------------------------------------
  slack (MET)                                         9.86


1

