****************************************
Report : timing
	-path_type full
	-delay_type min
	-slack_lesser_than 1000.0000000000
	-max_paths 1000
	-start_end_type reg_to_out
	-sort_by slack
Design : ws2811
Version: U-2022.12-SP3
Date   : Thu Feb 26 20:58:33 2026
****************************************


  Startpoint: DO_reg_p (rising edge-triggered flip-flop clocked by clk)
  Endpoint: DO (output port clocked by clk)
  Path Group: clk
  Path Type: min

  Point                                    Incr       Path
  ---------------------------------------------------------------
  clock clk (rise edge)                0.0000000000
                                                  0.0000000000
  clock network delay (propagated)     0.0000000000
                                                  0.0000000000
  DO_reg_p/CK (DFFQX1H7R)              0.0000000000
                                                  0.0000000000 r
  DO_reg_p/Q (DFFQX1H7R)               0.0755908564
                                                  0.0755908564 f
  DO (out)                             0.0000000000
                                                  0.0755908564 f
  data arrival time                               0.0755908564

  clock clk (rise edge)                0.0000000000
                                                  0.0000000000
  clock network delay (propagated)     0.0000000000
                                                  0.0000000000
  clock reconvergence pessimism        0.0000000000
                                                  0.0000000000
  output external delay                0.0000000000
                                                  0.0000000000
  data required time                              0.0000000000
  ---------------------------------------------------------------
  data required time                              0.0000000000
  data arrival time                               -0.0755908564
  ---------------------------------------------------------------
  slack (MET)                                     0.0755908564


  Startpoint: state_2__reg_p
               (rising edge-triggered flip-flop clocked by clk)
  Endpoint: new_address
               (output port clocked by clk)
  Path Group: clk
  Path Type: min

  Point                                                   Incr       Path
  ------------------------------------------------------------------------------
  clock clk (rise edge)                               0.0000000000
                                                                 0.0000000000
  clock network delay (propagated)                    0.0000000000
                                                                 0.0000000000
  state_2__reg_p/CK (DFFQX1H7R)                       0.0000000000
                                                                 0.0000000000 r
  state_2__reg_p/Q (DFFQX1H7R)                        0.0824376866
                                                                 0.0824376866 f
  _388_/Y (AND4X0P5H7R)                               0.0470253304
                                                                 0.1294630170 f
  new_address (out)                                   0.0000000000
                                                                 0.1294630170 f
  data arrival time                                              0.1294630170

  clock clk (rise edge)                               0.0000000000
                                                                 0.0000000000
  clock network delay (propagated)                    0.0000000000
                                                                 0.0000000000
  clock reconvergence pessimism                       0.0000000000
                                                                 0.0000000000
  output external delay                               0.0000000000
                                                                 0.0000000000
  data required time                                             0.0000000000
  ------------------------------------------------------------------------------
  data required time                                             0.0000000000
  data arrival time                                              -0.1294630170
  ------------------------------------------------------------------------------
  slack (MET)                                                    0.1294630170


  Startpoint: color_1__reg_p
               (rising edge-triggered flip-flop clocked by clk)
  Endpoint: data_request
               (output port clocked by clk)
  Path Group: clk
  Path Type: min

  Point                                                   Incr       Path
  ------------------------------------------------------------------------------
  clock clk (rise edge)                               0.0000000000
                                                                 0.0000000000
  clock network delay (propagated)                    0.0000000000
                                                                 0.0000000000
  color_1__reg_p/CK (DFFQX1H7R)                       0.0000000000
                                                                 0.0000000000 r
  color_1__reg_p/Q (DFFQX1H7R)                        0.0801942870
                                                                 0.0801942870 f
  _235_/Y (NAND3X1P4H7L)                              0.0291547179
                                                                 0.1093490049 r
  _387_/Y (OAI21X0P5H7R)                              0.0255061910
                                                                 0.1348551959 f
  data_request (out)                                  0.0000000000
                                                                 0.1348551959 f
  data arrival time                                              0.1348551959

  clock clk (rise edge)                               0.0000000000
                                                                 0.0000000000
  clock network delay (propagated)                    0.0000000000
                                                                 0.0000000000
  clock reconvergence pessimism                       0.0000000000
                                                                 0.0000000000
  output external delay                               0.0000000000
                                                                 0.0000000000
  data required time                                             0.0000000000
  ------------------------------------------------------------------------------
  data required time                                             0.0000000000
  data arrival time                                              -0.1348551959
  ------------------------------------------------------------------------------
  slack (MET)                                                    0.1348551959


1
